// Jest Snapshot v1, https://goo.gl/fbAQLP

exports[`component renders an empty li when sections prop is not supplied 1`] = `<ul />`;

exports[`component renders no sections as active by default 1`] = `
<ul>
  <li
    id={0}
    onClick={[Function]}
  >
    <button>
      Section 1
    </button>
  </li>
  <li
    id={1}
    onClick={[Function]}
  >
    <button>
      Section 2
    </button>
  </li>
  <li
    id={2}
    onClick={[Function]}
  >
    <button>
      Section 3
    </button>
  </li>
</ul>
`;
